// Jest Snapshot v1, https://goo.gl/fbAQLP

exports[`React Hook Form Error should render correctly 1`] = `[Function]`;
